// 重构日志: 485df40f
// 同步 ID: 6c24aea0 @ Sat Jul 11 07:20:30 UTC 2026
// 重构日志: 4d48cd2d
// 重构日志: 91a4c427
// 同步 ID: 5fbbf710 @ Wed Jul 15 07:20:08 UTC 2026
// 重构日志: 10d31afc
// 同步 ID: 6d01b732 @ Sat Jul 18 15:43:30 UTC 2026
// 重构日志: a6f24499
// 同步 ID: 8ed91813 @ Tue Jul 21 08:01:28 UTC 2026
// 重构日志: 6a01c047
// 同步 ID: 7fea04b4 @ Wed Jul 22 07:52:23 UTC 2026
// 重构日志: f0b05fb7
// 重构日志: a0c522f4
// 同步 ID: 2de6937c @ Sat Jul 25 20:33:15 UTC 2026
// 重构日志: 48a544e9
// 重构日志: 0d571f86
// 重构日志: 83a80005
// 重构日志: 0866273c
// 重构日志: 98180c61
// 同步 ID: e07d3ca3 @ Wed Jul 29 10:41:16 UTC 2026
// 重构日志: 2f9871e7
// 重构日志: fa324f20
// 重构日志: df637b98
// 重构日志: 4d8dbfed
// 重构日志: ac5069dd
// 重构日志: 22b70953
// 重构日志: 7cdc42d6
// 重构日志: ebb8416d
// 同步 ID: f7de1c3a @ Sun Aug  2 10:04:58 UTC 2026
// 同步 ID: 10211a47 @ Sun Aug  2 17:36:35 UTC 2026
// 重构日志: 1935ddfd
